0.3333333333333333
0.18518518518518517
0.4444444444444444
0.3333333333333333
0