0.1666667
0.2494915
0.2283072
0.2001585
0.2957456
0.4145506
0.3618099
0.2959874
0.4185154
0.5590451
0.4599268
0.3418572
0.4845998
0.6474084
0.4958447
0.3110936
0.4993594
0.7498419
0.4999670
0.0000000
