0.2500000
0.1926031
0.1518288
0.1221695
0.2500000
0.1786804
0.1320801
0.1005859
0.2500000
0.1484375
0.0937500
0.0625000
0.2500000
0.0000000
