0.1000000
0.0915819
0.0841693
0.0776153
0.0717976
0.0666141
0.0619790
0.0578200
0.0540758
0.0506945
0.0452161
0.0405194
0.0364722
0.0329675
0.0299182
0.0272531
0.0249138
0.0228519
0.0210273
0.0180792
0.0156426
0.0136155
0.0119184
0.0104890
0.0092781
0.0082466
0.0073633
0.0066029
0.0053804
0.0044222
0.0036645
0.0030604
0.0025749
0.0021818
0.0018611
0.0015976
0.0013796
0.0010326
0.0007823
0.0005996
0.0004647
0.0003640
0.0002880
0.0002301
0.0001855
0.0001509
0.0000969
0.0000633
0.0000421
0.0000285
0.0000196
0.0000137
0.0000097
0.0000070
0.0000051
0.0000023
0.0000010
0.0000005
0.0000002
0.0000001
0.0000001
0.0000000
0.0000000
0.0000000
0.0000001
0.0000010
0.0000100
0.0001000
0.0010000
0.0100000
0.1000000
1.0000000
