0.1667
0.2495
0.2283
0.2002
0.2957
0.4146
0.3618
0.2960
0.4185
0.5590
0.4599
0.3419
0.4846
0.6474
0.4958
0.3111
0.4994
0.7498
0.5000
0.0000