0.2500
0.1926
0.1518
0.1222
0.2500
0.1787
0.1321
0.1006
0.2500
0.1484
0.0938
0.0625
0.2500
0.0000