oxoxoxoxo
xooxoxoxo
x#xoxoxox
#oxoxoxox
x#oxoxoxo
##oxoxox#
oxx#xoxox
o#ooxo#ox
xo##oxx#o