xxooxxooxxooxxooxxooxxooxxooxxooxxooxxooxxooxxooxxooxxooxxooxxooxxooxxooxxooxxooxxooxxooxxooxxooxxooxxooxxooxxooxxooxxooxxooxxooxxooxxooxxooxxooxxoox
ooxxooxxooxxooxxooxxooxxooxxooxxooxxooxxooxxooxxooxxooxxooxxooxxooxxooxxooxxooxxooxxooxxooxxooxxooxxooxxooxxooxxooxxooxxooxxooxxooxxooxxooxxooxxooxxo
xxooxxooxxooxxooxxooxxooxxooxxooxxooxxooxxooxxooxxooxxooxxooxxooxxooxxooxxooxxooxxooxxooxxooxxooxxooxxooxxooxxooxxooxxooxxooxxooxxooxxooxxooxxooxxoox
ooxxooxxooxxooxxooxxooxxooxxooxxooxxooxxooxxooxxooxxooxxooxxooxxooxxooxxooxxooxxooxxooxxooxxooxxooxxooxxooxxooxxooxxooxxooxxooxxooxxooxxooxxooxxooxxo
xxooxxooxxooxxooxxooxxooxxooxxooxxooxxooxxooxxooxxooxxooxxooxxooxxooxxooxxooxxooxxooxxooxxooxxooxxooxxooxxooxxooxxooxxooxxooxxooxxooxxooxxooxxooxxoox
ooxxooxxooxxooxxooxxooxxooxxooxxooxxooxxooxxooxxooxxooxxooxxooxxooxxooxxooxxooxxooxxooxxooxxooxxooxxooxxooxxooxxooxxooxxooxxooxxooxxooxxooxxooxxooxxo
xxooxxooxxooxxooxxooxxooxxooxxooxxooxxooxxooxxooxxooxxooxxooxxooxxooxxooxxooxxooxxooxxooxxooxxooxxooxxooxxooxxooxxooxxooxxooxxooxxooxxooxxooxxooxxoox
ooxxooxxooxxooxxooxxooxxooxxooxxooxxooxxooxxooxxooxxooxxooxxooxxooxxooxxooxxooxxooxxooxxooxxooxxooxxooxxooxxooxxooxxooxxooxxooxxooxxooxxooxxooxxooxxo
xxooxxooxxooxxooxxooxxooxxooxxooxxooxxooxxooxxooxxooxxooxxooxxooxxooxxooxxooxxooxxooxxooxxooxxooxxooxxooxxooxxooxxooxxooxxooxxooxxooxxooxxooxxooxxoox
ooxxooxxooxxooxxooxxooxxooxxooxxooxxooxxooxxooxxooxxooxxooxxooxxooxxooxxooxxooxxooxxooxxooxxooxxooxxooxxooxxooxxooxxooxxooxxooxxooxxooxxooxxooxxooxxo
xxooxxooxxooxxooxxooxxooxxooxxooxxooxxooxxooxxooxxooxxooxxooxxooxxooxxooxxooxxooxxooxxooxxooxxooxxooxxooxxooxxooxxooxxooxxooxxooxxooxxooxxooxxooxxoox
ooxxooxxooxxooxxooxxooxxooxxooxxooxxooxxooxxooxxooxxooxxooxxooxxooxxooxxooxxooxxooxxooxxooxxooxxooxxooxxooxxooxxooxxooxxooxxooxxooxxooxxooxxooxxooxxo
xxooxxooxxooxxooxxooxxooxxooxxooxxooxxooxxooxxooxxooxxooxxooxxooxxooxxooxxooxxooxxooxxooxxooxxooxxooxxooxxooxxooxxooxxooxxooxxooxxooxxooxxooxxooxxoox
ooxxooxxooxxooxxooxxooxxooxxooxxooxxooxxooxxooxxooxxooxxooxxooxxooxxooxxooxxooxxooxxooxxooxxooxxooxxooxxooxxooxxooxxooxxooxxooxxooxxooxxooxxooxxooxxo
xxooxxooxxooxxooxxooxxooxxooxxooxxooxxooxxooxxooxxooxxooxxooxxooxxooxxooxxooxxooxxooxxooxxooxxooxxooxxooxxooxxooxxooxxooxxooxxooxxooxxooxxooxxooxxoox
ooxxooxxooxxooxxooxxooxxooxxooxxooxxooxxooxxooxxooxxooxxooxxooxxooxxooxxooxxooxxooxxooxxooxxooxxooxxooxxooxxooxxooxxooxxooxxooxxooxxooxxooxxooxxooxxo
xxooxxooxxooxxooxxooxxooxxooxxooxxooxxooxxooxxooxxooxxooxxooxxooxxooxxooxxooxxooxxooxxooxxooxxooxxooxxooxxooxxooxxooxxooxxooxxooxxooxxooxxooxxooxxoox
ooxxooxxooxxooxxooxxooxxooxxooxxooxxooxxooxxooxxooxxooxxooxxooxxooxxooxxooxxooxxooxxooxxooxxooxxooxxooxxooxxooxxooxxooxxooxxooxxooxxooxxooxxooxxooxxo
xxooxxooxxooxxooxxooxxooxxooxxooxxooxxooxxooxxooxxooxxooxxooxxooxxooxxooxxooxxooxxooxxooxxooxxooxxooxxooxxooxxooxxooxxooxxooxxooxxooxxooxxooxxooxxoox
ooxxooxxooxxooxxooxxooxxooxxooxxooxxooxxooxxooxxooxxooxxooxxooxxooxxooxxooxxooxxooxxooxxooxxooxxooxxooxxooxxooxxooxxooxxooxxooxxooxxooxxooxxooxxooxxo
xxooxxooxxooxxooxxooxxooxxooxxooxxooxxooxxooxxooxxooxxooxxooxxooxxooxxooxxooxxooxxooxxooxxooxxooxxooxxooxxooxxooxxooxxooxxooxxooxxooxxooxxooxxooxxoox
ooxxooxxooxxooxxooxxooxxooxxooxxooxxooxxooxxooxxooxxooxxooxxooxxooxxooxxooxxooxxooxxooxxooxxooxxooxxooxxooxxooxxooxxooxxooxxooxxooxxooxxooxxooxxooxxo
xxooxxooxxooxxooxxooxxooxxooxxooxxooxxooxxooxxooxxooxxooxxooxxooxxooxxooxxooxxooxxooxxooxxooxxooxxooxxooxxooxxooxxooxxooxxooxxooxxooxxooxxooxxooxxoox
ooxxooxxooxxooxxooxxooxxooxxooxxooxxooxxooxxooxxooxxooxxooxxooxxooxxooxxooxxooxxooxxooxxooxxooxxooxxooxxooxxooxxooxxooxxooxxooxxooxxooxxooxxooxxooxxo
xxooxxooxxooxxooxxooxxooxxooxxooxxooxxooxxooxxooxxooxxooxxooxxooxxooxxooxxooxxooxxooxxooxxooxxooxxooxxooxxooxxooxxooxxooxxooxxooxxooxxooxxooxxooxxoox
ooxxooxxooxxooxxooxxooxxooxxooxxooxxooxxooxxooxxooxxooxxooxxooxxooxxooxxooxxooxxooxxooxxooxxooxxooxxooxxooxxooxxooxxooxxooxxooxxooxxooxxooxxooxxooxxo
xxooxxooxxooxxooxxooxxooxxooxxooxxooxxooxxooxxooxxooxxooxxooxxooxxooxxooxxooxxooxxooxxooxxooxxooxxooxxooxxooxxooxxooxxooxxooxxooxxooxxooxxooxxooxxoox
ooxxooxxooxxooxxooxxooxxooxxooxxooxxooxxooxxooxxooxxooxxooxxooxxooxxooxxooxxooxxooxxooxxooxxooxxooxxooxxooxxooxxooxxooxxooxxooxxooxxooxxooxxooxxooxxo
xxooxxooxxooxxooxxooxxooxxooxxooxxooxxooxxooxxooxxooxxooxxooxxooxxooxxooxxooxxooxxooxxooxxooxxooxxooxxooxxooxxooxxooxxooxxooxxooxxooxxooxxooxxooxxoox
ooxxooxxooxxooxxooxxooxxooxxooxxooxxooxxooxxooxxooxxooxxooxxooxxooxxooxxooxxooxxooxxooxxooxxooxxooxxooxxooxxooxxooxxooxxooxxooxxooxxooxxooxxooxxooxxo
xxooxxooxxooxxooxxooxxooxxooxxooxxooxxooxxooxxooxxooxxooxxooxxooxxooxxooxxooxxooxxooxxooxxooxxooxxooxxooxxooxxooxxooxxooxxooxxooxxooxxooxxooxxooxxoox
ooxxooxxooxxooxxooxxooxxooxxooxxooxxooxxooxxooxxooxxooxxooxxooxxooxxooxxooxxooxxooxxooxxooxxooxxooxxooxxooxxooxxooxxooxxooxxooxxooxxooxxooxxooxxooxxo
xxooxxooxxooxxooxxooxxooxxooxxooxxooxxooxxooxxooxxooxxooxxooxxooxxooxxooxxooxxooxxooxxooxxooxxooxxooxxooxxooxxooxxooxxooxxooxxooxxooxxooxxooxxooxxoox
ooxxooxxooxxooxxooxxooxxooxxooxxooxxooxxooxxooxxooxxooxxooxxooxxooxxooxxooxxooxxooxxooxxooxxooxxooxxooxxooxxooxxooxxooxxooxxooxxooxxooxxooxxooxxooxxo
xxooxxooxxooxxooxxooxxooxxooxxooxxooxxooxxooxxooxxooxxooxxooxxooxxooxxooxxooxxooxxooxxooxxooxxooxxooxxooxxooxxooxxooxxooxxooxxooxxooxxooxxooxxooxxoox
ooxxooxxooxxooxxooxxooxxooxxooxxooxxooxxooxxooxxooxxooxxooxxooxxooxxooxxooxxooxxooxxooxxooxxooxxooxxooxxooxxooxxooxxooxxooxxooxxooxxooxxooxxooxxooxxo
xxooxxooxxooxxooxxooxxooxxooxxooxxooxxooxxooxxooxxooxxooxxooxxooxxooxxooxxooxxooxxooxxooxxooxxooxxooxxooxxooxxooxxooxxooxxooxxooxxooxxooxxooxxooxxoox
ooxxooxxooxxooxxooxxooxxooxxooxxooxxooxxooxxooxxooxxooxxooxxooxxooxxooxxooxxooxxooxxooxxooxxooxxooxxooxxooxxooxxooxxooxxooxxooxxooxxooxxooxxooxxooxxo
xxooxxooxxooxxooxxooxxooxxooxxooxxooxxooxxooxxooxxooxxooxxooxxooxxooxxooxxooxxooxxooxxooxxooxxooxxooxxooxxooxxooxxooxxooxxooxxooxxooxxooxxooxxooxxoox
ooxxooxxooxxooxxooxxooxxooxxooxxooxxooxxooxxooxxooxxooxxooxxooxxooxxooxxooxxooxxooxxooxxooxxooxxooxxooxxooxxooxxooxxooxxooxxooxxooxxooxxooxxooxxooxxo
xxooxxooxxooxxooxxooxxooxxooxxooxxooxxooxxooxxooxxooxxooxxooxxooxxooxxooxxooxxooxxooxxooxxooxxooxxooxxooxxooxxooxxooxxooxxooxxooxxooxxooxxooxxooxxoox
ooxxooxxooxxooxxooxxooxxooxxooxxooxxooxxooxxooxxooxxooxxooxxooxxooxxooxxooxxooxxooxxooxxooxxooxxooxxooxxooxxooxxooxxooxxooxxooxxooxxooxxooxxooxxooxxo
xxooxxooxxooxxooxxooxxooxxooxxooxxooxxooxxooxxooxxooxxooxxooxxooxxooxxooxxooxxooxxooxxooxxooxxooxxooxxooxxooxxooxxooxxooxxooxxooxxooxxooxxooxxooxxoox
ooxxooxxooxxooxxooxxooxxooxxooxxooxxooxxooxxooxxooxxooxxooxxooxxooxxooxxooxxooxxooxxooxxooxxooxxooxxooxxooxxooxxooxxooxxooxxooxxooxxooxxooxxooxxooxxo
xxooxxooxxooxxooxxooxxooxxooxxooxxooxxooxxooxxooxxooxxooxxooxxooxxooxxooxxooxxooxxooxxooxxooxxooxxooxxooxxooxxooxxooxxooxxooxxooxxooxxooxxooxxooxxoox
ooxxooxxooxxooxxooxxooxxooxxooxxooxxooxxooxxooxxooxxooxxooxxooxxooxxooxxooxxooxxooxxooxxooxxooxxooxxooxxooxxooxxooxxooxxooxxooxxooxxooxxooxxooxxooxxo
xxooxxooxxooxxooxxooxxooxxooxxooxxooxxooxxooxxooxxooxxooxxooxxooxxooxxooxxooxxooxxooxxooxxooxxooxxooxxooxxooxxooxxooxxooxxooxxooxxooxxooxxooxxooxxoox
ooxxooxxooxxooxxooxxooxxooxxooxxooxxooxxooxxooxxooxxooxxooxxooxxooxxooxxooxxooxxooxxooxxooxxooxxooxxooxxooxxooxxooxxooxxooxxooxxooxxooxxooxxooxxooxxo
xxooxxooxxooxxooxxooxxooxxooxxooxxooxxooxxooxxooxxooxxooxxooxxooxxooxxooxxooxxooxxooxxooxxooxxooxxooxxooxxooxxooxxooxxooxxooxxooxxooxxooxxooxxooxxoox
ooxxooxxooxxooxxooxxooxxooxxooxxooxxooxxooxxooxxooxxooxxooxxooxxooxxooxxooxxooxxooxxooxxooxxooxxooxxooxxooxxooxxooxxooxxooxxooxxooxxooxxooxxooxxooxxo
xxooxxooxxooxxooxxooxxooxxooxxooxxooxxooxxooxxooxxooxxooxxooxxooxxooxxooxxooxxooxxooxxooxxooxxooxxooxxooxxooxxooxxooxxooxxooxxooxxooxxooxxooxxooxxoox
ooxxooxxooxxooxxooxxooxxooxxooxxooxxooxxooxxooxxooxxooxxooxxooxxooxxooxxooxxooxxooxxooxxooxxooxxooxxooxxooxxooxxooxxooxxooxxooxxooxxooxxooxxooxxooxxo
xxooxxooxxooxxooxxooxxooxxooxxooxxooxxooxxooxxooxxooxxooxxooxxooxxooxxooxxooxxooxxooxxooxxooxxooxxooxxooxxooxxooxxooxxooxxooxxooxxooxxooxxooxxooxxoox
ooxxooxxooxxooxxooxxooxxooxxooxxooxxooxxooxxooxxooxxooxxooxxooxxooxxooxxooxxooxxooxxooxxooxxooxxooxxooxxooxxooxxooxxooxxooxxooxxooxxooxxooxxooxxooxxo
xxooxxooxxooxxooxxooxxooxxooxxooxxooxxooxxooxxooxxooxxooxxooxxooxxooxxooxxooxxooxxooxxooxxooxxooxxooxxooxxooxxooxxooxxooxxooxxooxxooxxooxxooxxooxxoox
ooxxooxxooxxooxxooxxooxxooxxooxxooxxooxxooxxooxxooxxooxxooxxooxxooxxooxxooxxooxxooxxooxxooxxooxxooxxooxxooxxooxxooxxooxxooxxooxxooxxooxxooxxooxxooxxo
xxooxxooxxooxxooxxooxxooxxooxxooxxooxxooxxooxxooxxooxxooxxooxxooxxooxxooxxooxxooxxooxxooxxooxxooxxooxxooxxooxxooxxooxxooxxooxxooxxooxxooxxooxxooxxoox
ooxxooxxooxxooxxooxxooxxooxxooxxooxxooxxooxxooxxooxxooxxooxxooxxooxxooxxooxxooxxooxxooxxooxxooxxooxxooxxooxxooxxooxxooxxooxxooxxooxxooxxooxxooxxooxxo
xxooxxooxxooxxooxxooxxooxxooxxooxxooxxooxxooxxooxxooxxooxxooxxooxxooxxooxxooxxooxxooxxooxxooxxooxxooxxooxxooxxooxxooxxooxxooxxooxxooxxooxxooxxooxxoox
ooxxooxxooxxooxxooxxooxxooxxooxxooxxooxxooxxooxxooxxooxxooxxooxxooxxooxxooxxooxxooxxooxxooxxooxxooxxooxxooxxooxxooxxooxxooxxooxxooxxooxxooxxooxxooxxo
xxooxxooxxooxxooxxooxxooxxooxxooxxooxxooxxooxxooxxooxxooxxooxxooxxooxxooxxooxxooxxooxxooxxooxxooxxooxxooxxooxxooxxooxxooxxooxxooxxooxxooxxooxxooxxoox
ooxxooxxooxxooxxooxxooxxooxxooxxooxxooxxooxxooxxooxxooxxooxxooxxooxxooxxooxxooxxooxxooxxooxxooxxooxxooxxooxxooxxooxxooxxooxxooxxooxxooxxooxxooxxooxxo
xxooxxooxxooxxooxxooxxooxxooxxooxxooxxooxxooxxooxxooxxooxxooxxooxxooxxooxxooxxooxxooxxooxxooxxooxxooxxooxxooxxooxxooxxooxxooxxooxxooxxooxxooxxooxxoox
ooxxooxxooxxooxxooxxooxxooxxooxxooxxooxxooxxooxxooxxooxxooxxooxxooxxooxxooxxooxxooxxooxxooxxooxxooxxooxxooxxooxxooxxooxxooxxooxxooxxooxxooxxooxxooxxo
xxooxxooxxooxxooxxooxxooxxooxxooxxooxxooxxooxxooxxooxxooxxooxxooxxooxxooxxooxxooxxooxxooxxooxxooxxooxxooxxooxxooxxooxxooxxooxxooxxooxxooxxooxxooxxoox
ooxxooxxooxxooxxooxxooxxooxxooxxooxxooxxooxxooxxooxxooxxooxxooxxooxxooxxooxxooxxooxxooxxooxxooxxooxxooxxooxxooxxooxxooxxooxxooxxooxxooxxooxxooxxooxxo
xxooxxooxxooxxooxxooxxooxxooxxooxxooxxooxxooxxooxxooxxooxxooxxooxxooxxooxxooxxooxxooxxooxxooxxooxxooxxooxxooxxooxxooxxooxxooxxooxxooxxooxxooxxooxxoox
ooxxooxxooxxooxxooxxooxxooxxooxxooxxooxxooxxooxxooxxooxxooxxooxxooxxooxxooxxooxxooxxooxxooxxooxxooxxooxxooxxooxxooxxooxxooxxooxxooxxooxxooxxooxxooxxo
xxooxxooxxooxxooxxooxxooxxooxxooxxooxxooxxooxxooxxooxxooxxooxxooxxooxxooxxooxxooxxooxxooxxooxxooxxooxxooxxooxxooxxooxxooxxooxxooxxooxxooxxooxxooxxoox
ooxxooxxooxxooxxooxxooxxooxxooxxooxxooxxooxxooxxooxxooxxooxxooxxooxxooxxooxxooxxooxxooxxooxxooxxooxxooxxooxxooxxooxxooxxooxxooxxooxxooxxooxxooxxooxxo
xxooxxooxxooxxooxxooxxooxxooxxooxxooxxooxxooxxooxxooxxooxxooxxooxxooxxooxxooxxooxxooxxooxxooxxooxxooxxooxxooxxooxxooxxooxxooxxooxxooxxooxxooxxooxxoox
ooxxooxxooxxooxxooxxooxxooxxooxxooxxooxxooxxooxxooxxooxxooxxooxxooxxooxxooxxooxxooxxooxxooxxooxxooxxooxxooxxooxxooxxooxxooxxooxxooxxooxxooxxooxxooxxo
xxooxxooxxooxxooxxooxxooxxooxxooxxooxxooxxooxxooxxooxxooxxooxxooxxooxxooxxooxxooxxooxxooxxooxxooxxooxxooxxooxxooxxooxxooxxooxxooxxooxxooxxooxxooxxoox
ooxxooxxooxxooxxooxxooxxooxxooxxooxxooxxooxxooxxooxxooxxooxxooxxooxxooxxooxxooxxooxxooxxooxxooxxooxxooxxooxxooxxooxxooxxooxxooxxooxxooxxooxxooxxooxxo
xxooxxooxxooxxooxxooxxooxxooxxooxxooxxooxxooxxooxxooxxooxxooxxooxxooxxooxxooxxooxxooxxooxxooxxooxxooxxooxxooxxooxxooxxooxxooxxooxxooxxooxxooxxooxxoox
ooxxooxxooxxooxxooxxooxxooxxooxxooxxooxxooxxooxxooxxooxxooxxooxxooxxooxxooxxooxxooxxooxxooxxooxxooxxooxxooxxooxxooxxooxxooxxooxxooxxooxxooxxooxxooxxo
xxooxxooxxooxxooxxooxxooxxooxxooxxooxxooxxooxxooxxooxxooxxooxxooxxooxxooxxooxxooxxooxxooxxooxxooxxooxxooxxooxxooxxooxxooxxooxxooxxooxxooxxooxxooxxoox
ooxxooxxooxxooxxooxxooxxooxxooxxooxxooxxooxxooxxooxxooxxooxxooxxooxxooxxooxxooxxooxxooxxooxxooxxooxxooxxooxxooxxooxxooxxooxxooxxooxxooxxooxxooxxooxxo
xxooxxooxxooxxooxxooxxooxxooxxooxxooxxooxxooxxooxxooxxooxxooxxooxxooxxooxxooxxooxxooxxooxxooxxooxxooxxooxxooxxooxxooxxooxxooxxooxxooxxooxxooxxooxxoox
ooxxooxxooxxooxxooxxooxxooxxooxxooxxooxxooxxooxxooxxooxxooxxooxxooxxooxxooxxooxxooxxooxxooxxooxxooxxooxxooxxooxxooxxooxxooxxooxxooxxooxxooxxooxxooxxo
xxooxxooxxooxxooxxooxxooxxooxxooxxooxxooxxooxxooxxooxxooxxooxxooxxooxxooxxooxxooxxooxxooxxooxxooxxooxxooxxooxxooxxooxxooxxooxxooxxooxxooxxooxxooxxoox
ooxxooxxooxxooxxooxxooxxooxxooxxooxxooxxooxxooxxooxxooxxooxxooxxooxxooxxooxxooxxooxxooxxooxxooxxooxxooxxooxxooxxooxxooxxooxxooxxooxxooxxooxxooxxooxxo
xxooxxooxxooxxooxxooxxooxxooxxooxxooxxooxxooxxooxxooxxooxxooxxooxxooxxooxxooxxooxxooxxooxxooxxooxxooxxooxxooxxooxxooxxooxxooxxooxxooxxooxxooxxooxxoox
ooxxooxxooxxooxxooxxooxxooxxooxxooxxooxxooxxooxxooxxooxxooxxooxxooxxooxxooxxooxxooxxooxxooxxooxxooxxooxxooxxooxxooxxooxxooxxooxxooxxooxxooxxooxxooxxo
xxooxxooxxooxxooxxooxxooxxooxxooxxooxxooxxooxxooxxooxxooxxooxxooxxooxxooxxooxxooxxooxxooxxooxxooxxooxxooxxooxxooxxooxxooxxooxxooxxooxxooxxooxxooxxoox
ooxxooxxooxxooxxooxxooxxooxxooxxooxxooxxooxxooxxooxxooxxooxxooxxooxxooxxooxxooxxooxxooxxooxxooxxooxxooxxooxxooxxooxxooxxooxxooxxooxxooxxooxxooxxooxxo
xxooxxooxxooxxooxxooxxooxxooxxooxxooxxooxxooxxooxxooxxooxxooxxooxxooxxooxxooxxooxxooxxooxxooxxooxxooxxooxxooxxooxxooxxooxxooxxooxxooxxooxxooxxooxxoox
ooxxooxxooxxooxxooxxooxxooxxooxxooxxooxxooxxooxxooxxooxxooxxooxxooxxooxxooxxooxxooxxooxxooxxooxxooxxooxxooxxooxxooxxooxxooxxooxxooxxooxxooxxooxxooxxo
xxooxxooxxooxxooxxooxxooxxooxxooxxooxxooxxooxxooxxooxxooxxooxxooxxooxxooxxooxxooxxooxxooxxooxxooxxooxxooxxooxxooxxooxxooxxooxxooxxooxxooxxooxxooxxoox
ooxxooxxooxxooxxooxxooxxooxxooxxooxxooxxooxxooxxooxxooxxooxxooxxooxxooxxooxxooxxooxxooxxooxxooxxooxxooxxooxxooxxooxxooxxooxxooxxooxxooxxooxxooxxooxxo
xxooxxooxxooxxooxxooxxooxxooxxooxxooxxooxxooxxooxxooxxooxxooxxooxxooxxooxxooxxooxxooxxooxxooxxooxxooxxooxxooxxooxxooxxooxxooxxooxxooxxooxxooxxooxxoox
ooxxooxxooxxooxxooxxooxxooxxooxxooxxooxxooxxooxxooxxooxxooxxooxxooxxooxxooxxooxxooxxooxxooxxooxxooxxooxxooxxooxxooxxooxxooxxooxxooxxooxxooxxooxxooxxo
xxooxxooxxooxxooxxooxxooxxooxxooxxooxxooxxooxxooxxooxxooxxooxxooxxooxxooxxooxxooxxooxxooxxooxxooxxooxxooxxooxxooxxooxxooxxooxxooxxooxxooxxooxxooxxoox
ooxxooxxooxxooxxooxxooxxooxxooxxooxxooxxooxxooxxooxxooxxooxxooxxooxxooxxooxxooxxooxxooxxooxxooxxooxxooxxooxxooxxooxxooxxooxxooxxooxxooxxooxxooxxooxxo
xxooxxooxxooxxooxxooxxooxxooxxooxxooxxooxxooxxooxxooxxooxxooxxooxxooxxooxxooxxooxxooxxooxxooxxooxxooxxooxxooxxooxxooxxooxxooxxooxxooxxooxxooxxooxxoox
ooxxooxxooxxooxxooxxooxxooxxooxxooxxooxxooxxooxxooxxooxxooxxooxxooxxooxxooxxooxxooxxooxxooxxooxxooxxooxxooxxooxxooxxooxxooxxooxxooxxooxxooxxooxxooxxo
xxooxxooxxooxxooxxooxxooxxooxxooxxooxxooxxooxxooxxooxxooxxooxxooxxooxxooxxooxxooxxooxxooxxooxxooxxooxxooxxooxxooxxooxxooxxooxxooxxooxxooxxooxxooxxoox
ooxxooxxooxxooxxooxxooxxooxxooxxooxxooxxooxxooxxooxxooxxooxxooxxooxxooxxooxxooxxooxxooxxooxxooxxooxxooxxooxxooxxooxxooxxooxxooxxooxxooxxooxxooxxooxxo
xxooxxooxxooxxooxxooxxooxxooxxooxxooxxooxxooxxooxxooxxooxxooxxooxxooxxooxxooxxooxxooxxooxxooxxooxxooxxooxxooxxooxxooxxooxxooxxooxxooxxooxxooxxooxxoox
ooxxooxxooxxooxxooxxooxxooxxooxxooxxooxxooxxooxxooxxooxxooxxooxxooxxooxxooxxooxxooxxooxxooxxooxxooxxooxxooxxooxxooxxooxxooxxooxxooxxooxxooxxooxxooxxo
xxooxxooxxooxxooxxooxxooxxooxxooxxooxxooxxooxxooxxooxxooxxooxxooxxooxxooxxooxxooxxooxxooxxooxxooxxooxxooxxooxxooxxooxxooxxooxxooxxooxxooxxooxxooxxoox
ooxxooxxooxxooxxooxxooxxooxxooxxooxxooxxooxxooxxooxxooxxooxxooxxooxxooxxooxxooxxooxxooxxooxxooxxooxxooxxooxxooxxooxxooxxooxxooxxooxxooxxooxxooxxooxxo
xxooxxooxxooxxooxxooxxooxxooxxooxxooxxooxxooxxooxxooxxooxxooxxooxxooxxooxxooxxooxxooxxooxxooxxooxxooxxooxxooxxooxxooxxooxxooxxooxxooxxooxxooxxooxxoox
ooxxooxxooxxooxxooxxooxxooxxooxxooxxooxxooxxooxxooxxooxxooxxooxxooxxooxxooxxooxxooxxooxxooxxooxxooxxooxxooxxooxxooxxooxxooxxooxxooxxooxxooxxooxxooxxo
xxooxxooxxooxxooxxooxxooxxooxxooxxooxxooxxooxxooxxooxxooxxooxxooxxooxxooxxooxxooxxooxxooxxooxxooxxooxxooxxooxxooxxooxxooxxooxxooxxooxxooxxooxxooxxoox
ooxxooxxooxxooxxooxxooxxooxxooxxooxxooxxooxxooxxooxxooxxooxxooxxooxxooxxooxxooxxooxxooxxooxxooxxooxxooxxooxxooxxooxxooxxooxxooxxooxxooxxooxxooxxooxxo
xxooxxooxxooxxooxxooxxooxxooxxooxxooxxooxxooxxooxxooxxooxxooxxooxxooxxooxxooxxooxxooxxooxxooxxooxxooxxooxxooxxooxxooxxooxxooxxooxxooxxooxxooxxooxxoox
ooxxooxxooxxooxxooxxooxxooxxooxxooxxooxxooxxooxxooxxooxxooxxooxxooxxooxxooxxooxxooxxooxxooxxooxxooxxooxxooxxooxxooxxooxxooxxooxxooxxooxxooxxooxxooxxo
xxooxxooxxooxxooxxooxxooxxooxxooxxooxxooxxooxxooxxooxxooxxooxxooxxooxxooxxooxxooxxooxxooxxooxxooxxooxxooxxooxxooxxooxxooxxooxxooxxooxxooxxooxxooxxoox
ooxxooxxooxxooxxooxxooxxooxxooxxooxxooxxooxxooxxooxxooxxooxxooxxooxxooxxooxxooxxooxxooxxooxxooxxooxxooxxooxxooxxooxxooxxooxxooxxooxxooxxooxxooxxooxxo
xxooxxooxxooxxooxxooxxooxxooxxooxxooxxooxxooxxooxxooxxooxxooxxooxxooxxooxxooxxooxxooxxooxxooxxooxxooxxooxxooxxooxxooxxooxxooxxooxxooxxooxxooxxooxxoox
ooxxooxxooxxooxxooxxooxxooxxooxxooxxooxxooxxooxxooxxooxxooxxooxxooxxooxxooxxooxxooxxooxxooxxooxxooxxooxxooxxooxxooxxooxxooxxooxxooxxooxxooxxooxxooxxo
xxooxxooxxooxxooxxooxxooxxooxxooxxooxxooxxooxxooxxooxxooxxooxxooxxooxxooxxooxxooxxooxxooxxooxxooxxooxxooxxooxxooxxooxxooxxooxxooxxooxxooxxooxxooxxoox
ooxxooxxooxxooxxooxxooxxooxxooxxooxxooxxooxxooxxooxxooxxooxxooxxooxxooxxooxxooxxooxxooxxooxxooxxooxxooxxooxxooxxooxxooxxooxxooxxooxxooxxooxxooxxooxxo
xxooxxooxxooxxooxxooxxooxxooxxooxxooxxooxxooxxooxxooxxooxxooxxooxxooxxooxxooxxooxxooxxooxxooxxooxxooxxooxxooxxooxxooxxooxxooxxooxxooxxooxxooxxooxxoox
ooxxooxxooxxooxxooxxooxxooxxooxxooxxooxxooxxooxxooxxooxxooxxooxxooxxooxxooxxooxxooxxooxxooxxooxxooxxooxxooxxooxxooxxooxxooxxooxxooxxooxxooxxooxxooxxo
xxooxxooxxooxxooxxooxxooxxooxxooxxooxxooxxooxxooxxooxxooxxooxxooxxooxxooxxooxxooxxooxxooxxooxxooxxooxxooxxooxxooxxooxxooxxooxxooxxooxxooxxooxxooxxoox
ooxxooxxooxxooxxooxxooxxooxxooxxooxxooxxooxxooxxooxxooxxooxxooxxooxxooxxooxxooxxooxxooxxooxxooxxooxxooxxooxxooxxooxxooxxooxxooxxooxxooxxooxxooxxooxxo
xxooxxooxxooxxooxxooxxooxxooxxooxxooxxooxxooxxooxxooxxooxxooxxooxxooxxooxxooxxooxxooxxooxxooxxooxxooxxooxxooxxooxxooxxooxxooxxooxxooxxooxxooxxooxxoox
ooxxooxxooxxooxxooxxooxxooxxooxxooxxooxxooxxooxxooxxooxxooxxooxxooxxooxxooxxooxxooxxooxxooxxooxxooxxooxxooxxooxxooxxooxxooxxooxxooxxooxxooxxooxxooxxo
xxooxxooxxooxxooxxooxxooxxooxxooxxooxxooxxooxxooxxooxxooxxooxxooxxooxxooxxooxxooxxooxxooxxooxxooxxooxxooxxooxxooxxooxxooxxooxxooxxooxxooxxooxxooxxoox
ooxxooxxooxxooxxooxxooxxooxxooxxooxxooxxooxxooxxooxxooxxooxxooxxooxxooxxooxxooxxooxxooxxooxxooxxooxxooxxooxxooxxooxxooxxooxxooxxooxxooxxooxxooxxooxxo
xxooxxooxxooxxooxxooxxooxxooxxooxxooxxooxxooxxooxxooxxooxxooxxooxxooxxooxxooxxooxxooxxooxxooxxooxxooxxooxxooxxooxxooxxooxxooxxooxxooxxooxxooxxooxxoox
ooxxooxxooxxooxxooxxooxxooxxooxxooxxooxxooxxooxxooxxooxxooxxooxxooxxooxxooxxooxxooxxooxxooxxooxxooxxooxxooxxooxxooxxooxxooxxooxxooxxooxxooxxooxxooxxo
xxooxxooxxooxxooxxooxxooxxooxxooxxooxxooxxooxxooxxooxxooxxooxxooxxooxxooxxooxxooxxooxxooxxooxxooxxooxxooxxooxxooxxooxxooxxooxxooxxooxxooxxooxxooxxoox
ooxxooxxooxxooxxooxxooxxooxxooxxooxxooxxooxxooxxooxxooxxooxxooxxooxxooxxooxxooxxooxxooxxooxxooxxooxxooxxooxxooxxooxxooxxooxxooxxooxxooxxooxxooxxooxxo
xxooxxooxxooxxooxxooxxooxxooxxooxxooxxooxxooxxooxxooxxooxxooxxooxxooxxooxxooxxooxxooxxooxxooxxooxxooxxooxxooxxooxxooxxooxxooxxooxxooxxooxxooxxooxxoox
ooxxooxxooxxooxxooxxooxxooxxooxxooxxooxxooxxooxxooxxooxxooxxooxxooxxooxxooxxooxxooxxooxxooxxooxxooxxooxxooxxooxxooxxooxxooxxooxxooxxooxxooxxooxxooxxo
xxooxxooxxooxxooxxooxxooxxooxxooxxooxxooxxooxxooxxooxxooxxooxxooxxooxxooxxooxxooxxooxxooxxooxxooxxooxxooxxooxxooxxooxxooxxooxxooxxooxxooxxooxxooxxoox
ooxxooxxooxxooxxooxxooxxooxxooxxooxxooxxooxxooxxooxxooxxooxxooxxooxxooxxooxxooxxooxxooxxooxxooxxooxxooxxooxxooxxooxxooxxooxxooxxooxxooxxooxxooxxooxxo
xxooxxooxxooxxooxxooxxooxxooxxooxxooxxooxxooxxooxxooxxooxxooxxooxxooxxooxxooxxooxxooxxooxxooxxooxxooxxooxxooxxooxxooxxooxxooxxooxxooxxooxxooxxooxxoox
ooxxooxxooxxooxxooxxooxxooxxooxxooxxooxxooxxooxxooxxooxxooxxooxxooxxooxxooxxooxxooxxooxxooxxooxxooxxooxxooxxooxxooxxooxxooxxooxxooxxooxxooxxooxxooxxo
xxooxxooxxooxxooxxooxxooxxooxxooxxooxxooxxooxxooxxooxxooxxooxxooxxooxxooxxooxxooxxooxxooxxooxxooxxooxxooxxooxxooxxooxxooxxooxxooxxooxxooxxooxxooxxoox
ooxxooxxooxxooxxooxxooxxooxxooxxooxxooxxooxxooxxooxxooxxooxxooxxooxxooxxooxxooxxooxxooxxooxxooxxooxxooxxooxxooxxooxxooxxooxxooxxooxxooxxooxxooxxooxxo
xxooxxooxxooxxooxxooxxooxxooxxooxxooxxooxxooxxooxxooxxooxxooxxooxxooxxooxxooxxooxxooxxooxxooxxooxxooxxooxxooxxooxxooxxooxxooxxooxxooxxooxxooxxooxxoox
ooxxooxxooxxooxxooxxooxxooxxooxxooxxooxxooxxooxxooxxooxxooxxooxxooxxooxxooxxooxxooxxooxxooxxooxxooxxooxxooxxooxxooxxooxxooxxooxxooxxooxxooxxooxxooxxo
xxooxxooxxooxxooxxooxxooxxooxxooxxooxxooxxooxxooxxooxxooxxooxxooxxooxxooxxooxxooxxooxxooxxooxxooxxooxxooxxooxxooxxooxxooxxooxxooxxooxxooxxooxxooxxoox
ooxxooxxooxxooxxooxxooxxooxxooxxooxxooxxooxxooxxooxxooxxooxxooxxooxxooxxooxxooxxooxxooxxooxxooxxooxxooxxooxxooxxooxxooxxooxxooxxooxxooxxooxxooxxooxxo
xxooxxooxxooxxooxxooxxooxxooxxooxxooxxooxxooxxooxxooxxooxxooxxooxxooxxooxxooxxooxxooxxooxxooxxooxxooxxooxxooxxooxxooxxooxxooxxooxxooxxooxxooxxooxxoox
ooxxooxxooxxooxxooxxooxxooxxooxxooxxooxxooxxooxxooxxooxxooxxooxxooxxooxxooxxooxxooxxooxxooxxooxxooxxooxxooxxooxxooxxooxxooxxooxxooxxooxxooxxooxxooxxo
xxooxxooxxooxxooxxooxxooxxooxxooxxooxxooxxooxxooxxooxxooxxooxxooxxooxxooxxooxxooxxooxxooxxooxxooxxooxxooxxooxxooxxooxxooxxooxxooxxooxxooxxooxxooxxoox
ooxxooxxooxxooxxooxxooxxooxxooxxooxxooxxooxxooxxooxxooxxooxxooxxooxxooxxooxxooxxooxxooxxooxxooxxooxxooxxooxxooxxooxxooxxooxxooxxooxxooxxooxxooxxooxxo
xxooxxooxxooxxooxxooxxooxxooxxooxxooxxooxxooxxooxxooxxooxxooxxooxxooxxooxxooxxooxxooxxooxxooxxooxxooxxooxxooxxooxxooxxooxxooxxooxxooxxooxxooxxooxxoox
ooxxooxxooxxooxxooxxooxxooxxooxxooxxooxxooxxooxxooxxooxxooxxooxxooxxooxxooxxooxxooxxooxxooxxooxxooxxooxxooxxooxxooxxooxxooxxooxxooxxooxxooxxooxxooxxo
xxooxxooxxooxxooxxooxxooxxooxxooxxooxxooxxooxxooxxooxxooxxooxxooxxooxxooxxooxxooxxooxxooxxooxxooxxooxxooxxooxxooxxooxxooxxooxxooxxooxxooxxooxxooxxoox
ooxxooxxooxxooxxooxxooxxooxxooxxooxxooxxooxxooxxooxxooxxooxxooxxooxxooxxooxxooxxooxxooxxooxxooxxooxxooxxooxxooxxooxxooxxooxxooxxooxxooxxooxxooxxooxxo
xxooxxooxxooxxooxxooxxooxxooxxooxxooxxooxxooxxooxxooxxooxxooxxooxxooxxooxxooxxooxxooxxooxxooxxooxxooxxooxxooxxooxxooxxooxxooxxooxxooxxooxxooxxooxxoox
ooxxooxxooxxooxxooxxooxxooxxooxxooxxooxxooxxooxxooxxooxxooxxooxxooxxooxxooxxooxxooxxooxxooxxooxxooxxooxxooxxooxxooxxooxxooxxooxxooxxooxxooxxooxxooxxo
xxooxxooxxooxxooxxooxxooxxooxxooxxooxxooxxooxxooxxooxxooxxooxxooxxooxxooxxooxxooxxooxxooxxooxxooxxooxxooxxooxxooxxooxxooxxooxxooxxooxxooxxooxxooxxoox