oo###o#
xxooxxo
ooxxoo#
xxooxxo
ooxx#oo
xoo#xx#
x##xxoo