xx#oxoxox
xo#xoxoxo
ox#x#xoxo
xxo#xoxox
x#ooxoxo#
ooxx##oxo
xxoxoxox#
oxx#ooxox
xo#oxoxox