#oxoxo#oxox
x#xoxox##o#
oxoxoxoxoxo
#xoxoxoxoxo
xoxox#xoxox
xoxo#oxoxox
##oxo#oxoxo
xxox#xoxoxo
ooxoxoxoxox
xo#oxoxoxox
x#x#oxoxoxo