There will be 10 problems and it will be fantastic