e7g
uo
z8l
h1n
k7s
gx
x7f
j7p
n
b1s
v7u
v3l
h8v
q6p
ey
r8y
v6z
d4b
c4m
r2m
