w7g
t
b10z
s8p
c7i
n
m11f
f9s
m8n
a2p
a8h
l5b
h1m
t6d
r6i
ic
f3a
x2v
k
pe
f12g
m5e
v12c
c10u
o1t
b4x
v6b
e
k1t
n6x
y2p
aw
y11c
k7w
t3s
h2j
a4e
m5m
c2q
q9l
