a23t
w17k
w19z
s6a
t6x
w6p
r11v
h18r
l6i
m13l
b1g
e11l
a21b
z9b
k4o
a19e
b23m
i17i
i4r
n1b
s3c
p7i
q22d
x21h
i21l
d13h
t
h22j
g17f
h11c
d23l
v4f
m8l
b12u
k
f13a
g9e
j16f
o18u
r19s
v16g
t18j
e2k
c18k
c4l
si
p22a
r1u
p21l
z19t
y14x
c15v
r19o
b3j
l14r
l14f
j4v
z18b
h8l
m2l
p19h
r5a
d5v
j14e
a2f
w20v
h18a
e4p
n21h
h4o
