spine-chilling definitely-poisonous skull frosting
