intimidating double chocolate grim creme de la crumb
