chilling definitely-poisonous halloween cottoncandy
