2
11
2
9
9
9
9
9
9
9
9
9
9
11
11
12
12
12
11
12
11
12
12
12
11
12
11
11
11
11
11
11
9
11
11
11
10
11
11
11
11
11
11
11
11
11
11
11
10
11
