2
11
3
9
9
9
9
9
9
9
9
9
9
11
11
12
12
12
12
12
12
12
12
12
11
12
11
11
11
11
11
11
11
11
11
11
11
11
11
11
11
11
11
11
11
11
11
11
11
11
