Ah!
Ahhh!!!
Ah!
Ahhh!!!
Ah!
Ah!
Ahhh!!!
Ah!
Ah!
Ah!
Ahhh!!!
Ah!
Ah!
Ah!
Ah!
Ah!
Ahhh!!!
27