Ah!
Ah!
Ah!
Ah!
Ah!
Ahhh!!!
Ah!
Ah!
Ahhh!!!
Ahhh!!!
Ah!
Ahhh!!!
Ahhh!!!
Ah!
Ah!
Ah!
Ahhh!!!
Ah!
Ahhh!!!
Ahhh!!!
Ah!
Ah!
Ah!
Ahhh!!!
Ah!
Ahhh!!!
Ahhh!!!
Ahhh!!!
Ahhh!!!
Ahhh!!!
Ah!
Ahhh!!!
Ah!
Ah!
Ahhh!!!
Ahhh!!!
Ahhh!!!
Ahhh!!!
Ah!
Ah!
Ah!
Ahhh!!!
Ah!
Ahhh!!!
Ah!
Ah!
Ahhh!!!
Ah!
Ah!
Ah!
Ahhh!!!
Ahhh!!!
Ahhh!!!
Ah!
Ah!
Ah!
Ah!
Ah!
Ah!
Ah!
Ah!
Ahhh!!!
Ah!
Ah!
Ahhh!!!
Ahhh!!!
Ahhh!!!
Ahhh!!!
Ahhh!!!
Ah!
Ahhh!!!
Ahhh!!!
Ah!
Ah!
Ahhh!!!
Ah!
Ah!
Ah!
Ahhh!!!
Ah!
Ah!
Ahhh!!!
Ahhh!!!
Ahhh!!!
Ah!
Ahhh!!!
Ahhh!!!
Ah!
Ah!
Ah!
Ah!
Ahhh!!!
Ah!
Ah!
Ah!
Ah!
Ah!
Ah!
Ah!
Ah!
Ahhh!!!
Ah!
Ah!
Ahhh!!!
Ah!
Ah!
Ah!
Ahhh!!!
Ah!
Ah!
Ah!
Ahhh!!!
Ahhh!!!
Ahhh!!!
Ahhh!!!
Ahhh!!!
Ah!
Ahhh!!!
Ah!
Ah!
Ahhh!!!
Ah!
Ahhh!!!
Ah!
Ah!
Ahhh!!!
Ahhh!!!
Ah!
Ahhh!!!
Ah!
Ahhh!!!
Ah!
Ah!
Ahhh!!!
Ah!
Ah!
Ah!
Ahhh!!!
Ah!
Ahhh!!!
Ahhh!!!
Ahhh!!!
Ah!
Ahhh!!!
Ah!
Ah!
Ahhh!!!
Ah!
Ah!
Ah!
Ahhh!!!
Ah!
Ah!
Ahhh!!!
Ah!
Ahhh!!!
Ahhh!!!
Ah!
Ahhh!!!
Ah!
Ah!
Ah!
Ahhh!!!
Ahhh!!!
Ahhh!!!
Ahhh!!!
Ahhh!!!
Ahhh!!!
Ahhh!!!
Ah!
Ah!
Ahhh!!!
Ahhh!!!
Ahhh!!!
Ahhh!!!
Ahhh!!!
Ahhh!!!
Ahhh!!!
Ahhh!!!
Ah!
Ah!
Ah!
Ahhh!!!
Ahhh!!!
Ah!
Ahhh!!!
Ahhh!!!
Ah!
Ah!
Ahhh!!!
Ah!
Ah!
Ah!
Ah!
Ahhh!!!
Ahhh!!!
Ah!
Ah!
Ah!
Ahhh!!!
Ah!
Ahhh!!!
Ahhh!!!
Ah!
Ahhh!!!
Ahhh!!!
Ah!
Ah!
Ah!
Ahhh!!!
Ahhh!!!
Ah!
Ah!
Ah!
Ah!
Ahhh!!!
Ahhh!!!
Ah!
Ah!
Ah!
Ahhh!!!
Ah!
Ahhh!!!
Ahhh!!!
Ahhh!!!
Ahhh!!!
Ahhh!!!
Ahhh!!!
Ah!
Ah!
Ahhh!!!
Ahhh!!!
Ah!
Ah!
Ah!
Ahhh!!!
Ah!
Ahhh!!!
Ahhh!!!
Ah!
Ahhh!!!
Ahhh!!!
Ah!
Ah!
Ahhh!!!
Ahhh!!!
Ahhh!!!
Ah!
Ahhh!!!
Ah!
Ahhh!!!
Ah!
Ah!
Ah!
Ah!
Ahhh!!!
Ah!
Ahhh!!!
Ahhh!!!
Ahhh!!!
Ahhh!!!
Ah!
Ah!
Ahhh!!!
Ah!
Ahhh!!!
Ah!
Ahhh!!!
Ahhh!!!
Ah!
Ah!
Ahhh!!!
Ah!
Ah!
Ahhh!!!
Ahhh!!!
Ahhh!!!
Ahhh!!!
Ah!
Ahhh!!!
Ah!
Ahhh!!!
Ahhh!!!
Ah!
Ah!
Ahhh!!!
Ah!
Ahhh!!!
Ahhh!!!
Ahhh!!!
Ahhh!!!
Ah!
Ah!
Ahhh!!!
Ah!
Ah!
Ahhh!!!
Ahhh!!!
Ahhh!!!
Ah!
Ahhh!!!
Ahhh!!!
Ah!
Ahhh!!!
Ahhh!!!
Ah!
Ah!
Ahhh!!!
Ahhh!!!
Ah!
Ahhh!!!
Ah!
Ahhh!!!
Ahhh!!!
Ahhh!!!
Ahhh!!!
Ah!
Ahhh!!!
Ah!
Ahhh!!!
Ahhh!!!
Ahhh!!!
Ah!
Ahhh!!!
Ah!
Ah!
Ah!
Ahhh!!!
Ah!
Ah!
Ah!
Ah!
Ahhh!!!
Ah!
Ah!
Ah!
Ah!
Ahhh!!!
Ahhh!!!
Ah!
Ahhh!!!
Ah!
Ahhh!!!
Ah!
Ah!
Ah!
Ahhh!!!
Ah!
Ah!
Ah!
Ahhh!!!
Ahhh!!!
Ahhh!!!
Ahhh!!!
Ah!
Ah!
Ahhh!!!
Ahhh!!!
Ah!
Ah!
Ah!
Ahhh!!!
Ah!
Ah!
Ah!
Ah!
Ah!
Ah!
Ahhh!!!
Ah!
Ah!
Ahhh!!!
Ahhh!!!
Ah!
Ahhh!!!
Ah!
Ah!
Ahhh!!!
Ah!
Ah!
Ah!
Ah!
Ahhh!!!
Ah!
Ahhh!!!
Ah!
Ahhh!!!
Ah!
Ahhh!!!
Ahhh!!!
Ahhh!!!
Ah!
Ahhh!!!
Ah!
Ah!
Ahhh!!!
Ah!
Ahhh!!!
Ah!
Ah!
Ah!
Ahhh!!!
Ahhh!!!
Ahhh!!!
Ahhh!!!
Ah!
Ahhh!!!
Ah!
Ah!
Ahhh!!!
Ahhh!!!
Ah!
Ah!
Ahhh!!!
Ah!
Ahhh!!!
Ahhh!!!
Ahhh!!!
Ah!
Ahhh!!!
Ah!
Ah!
Ah!
Ahhh!!!
Ahhh!!!
Ahhh!!!
Ahhh!!!
Ah!
Ahhh!!!
Ahhh!!!
Ahhh!!!
Ahhh!!!
Ahhh!!!
Ah!
Ahhh!!!
Ah!
Ahhh!!!
Ahhh!!!
Ah!
Ah!
Ahhh!!!
Ah!
Ah!
Ah!
Ah!
Ahhh!!!
Ahhh!!!
Ahhh!!!
Ah!
Ah!
Ahhh!!!
Ahhh!!!
Ahhh!!!
Ah!
Ah!
Ahhh!!!
Ahhh!!!
Ahhh!!!
Ah!
Ah!
Ah!
Ahhh!!!
Ahhh!!!
Ahhh!!!
Ah!
Ah!
Ahhh!!!
Ah!
Ahhh!!!
Ah!
Ah!
Ah!
Ahhh!!!
Ahhh!!!
Ah!
Ah!
Ahhh!!!
Ah!
Ah!
Ah!
Ah!
Ah!
Ahhh!!!
Ah!
Ah!
Ah!
Ah!
Ah!
Ah!
Ah!
Ahhh!!!
Ahhh!!!
Ah!
Ah!
Ahhh!!!
Ah!
Ahhh!!!
Ahhh!!!
Ah!
Ah!
Ahhh!!!
Ah!
Ahhh!!!
Ahhh!!!
Ah!
Ahhh!!!
Ahhh!!!
Ahhh!!!
Ah!
Ahhh!!!
Ahhh!!!
Ah!
Ah!
Ah!
Ah!
Ahhh!!!
Ahhh!!!
Ah!
Ahhh!!!
Ahhh!!!
Ahhh!!!
Ahhh!!!
Ah!
Ahhh!!!
Ah!
Ah!
Ahhh!!!
Ahhh!!!
Ah!
Ahhh!!!
Ah!
Ah!
Ahhh!!!
Ahhh!!!
Ahhh!!!
Ahhh!!!
Ah!
Ah!
Ah!
Ahhh!!!
Ah!
Ah!
Ahhh!!!
Ahhh!!!
Ah!
Ah!
Ahhh!!!
Ahhh!!!
Ahhh!!!
Ahhh!!!
Ah!
Ahhh!!!
Ahhh!!!
Ah!
Ahhh!!!
Ah!
Ahhh!!!
Ah!
Ahhh!!!
Ah!
Ah!
Ah!
Ahhh!!!
Ahhh!!!
Ahhh!!!
Ah!
Ahhh!!!
Ah!
Ahhh!!!
Ahhh!!!
Ah!
Ahhh!!!
Ah!
Ahhh!!!
Ahhh!!!
Ahhh!!!
Ahhh!!!
Ahhh!!!
Ah!
Ah!
Ahhh!!!
Ahhh!!!
Ah!
Ah!
Ah!
Ah!
Ah!
Ahhh!!!
Ahhh!!!
Ahhh!!!
Ah!
Ah!
Ahhh!!!
Ah!
Ahhh!!!
Ah!
Ah!
Ah!
Ah!
Ahhh!!!
Ahhh!!!
Ah!
Ah!
Ahhh!!!
Ah!
Ahhh!!!
Ah!
Ah!
Ahhh!!!
Ahhh!!!
Ah!
Ah!
Ah!
Ah!
Ahhh!!!
Ah!
Ahhh!!!
Ahhh!!!
Ah!
Ah!
Ahhh!!!
Ah!
Ah!
Ahhh!!!
Ah!
Ah!
Ahhh!!!
Ah!
Ah!
Ahhh!!!
Ahhh!!!
Ah!
Ah!
Ahhh!!!
Ah!
Ah!
Ah!
Ah!
Ahhh!!!
Ah!
Ahhh!!!
Ah!
Ah!
Ah!
Ah!
Ahhh!!!
Ah!
Ahhh!!!
Ahhh!!!
Ahhh!!!
Ah!
Ah!
Ahhh!!!
1275
